da0fs0	DET
pp3ns000	PRON
rg	ADV
vmif3s0	VERB
vsic3s0	VERB
ao0fs0	ADJ
ao0mp0	ADJ
vag0000	VERB
px2fs0s0	PRON
cc	CONJ
pi0fs000	PRON
pp3cn000	PRON
aq00000	ADJ
pr0fp000	PRON
pp3cpd00	PRON
vmii1s0	VERB
pp3csa00	PRON
w	NOUN
i	X
pp1cs000	PRON
de	DET
pn	PRON
da	DET
p0300000	PRON
aq0fsp	ADJ
Fz	.
pp1cp000	PRON
pr0fs000	PRON
pp3ms000	PRON
sp	ADP
aq0fp0	ADJ
vmsp1s0	VERB
px	PRON
vsic3p0	VERB
dt0cn0	DET
pp2cs000	PRON
pn0mp000	PRON
vaii1s0	VERB
vsii3p0	VERB
vmii1p0	VERB
dp	DET
dt	DET
vmsp2s0	VERB
vaii3p0	VERB
vsif3p0	VERB
vaif2s0	VERB
vmp00sf	VERB
vsm03s0	VERB
dp3fs0	DET
pp2cs00p	PRON
pp3msa00	PRON
pi0cs000	PRON
vaip1s0	VERB
vsic1s0	VERB
nccp000	NOUN
vssi3p0	VERB
vaip2p0	VERB
pn0fp000	PRON
ao0ms0	ADJ
pr0cp000	PRON
va	VERB
dp1msp	DET
dd0fs0	DET
di0fs0	DET
dd0fp0	DET
vaii3s0	VERB
X	X
pr0ms000	PRON
dp1mpp	DET
Fi	.
vasp3p0	VERB
p010s000	PRON
de0cn0	DET
vasp1s0	VERB
vmis3p0	VERB
vmip3s0	VERB
vaii2s0	VERB
aq0cp0	ADJ
pd0cs000	PRON
dp2css	DET
dp3ms0	DET
px3ms000	PRON
pi0cp000	PRON
sn.e-CD	ADP
pp3cpa00	PRON
vam02s0	VERB
p0	PRON
vmif1s0	VERB
pp3fs000	PRON
vasi3p0	VERB
sn-SUJ	ADP
sps00	ADP
dt0ms0	DET
pt000000	PRON
aq0ms0	ADJ
Fpt	.
vmif1p0	VERB
px1ms0p0	PRON
px1mp0p0	PRON
px3fs000	PRON
pp3cno00	PRON
vmip2p0	VERB
pd0cp000	PRON
vasi3s0	VERB
vmn0000	VERB
aq0cs0	ADJ
dp2cps	DET
vam03s0	VERB
pt	PRON
di	DET
di0cs0	DET
Faa	.
dp3cp0	DET
Fa	.
aq0mpp	ADJ
Fc	.
vasi1s0	VERB
pp3cna00	PRON
vmm03p0	VERB
vaip2s0	VERB
pr0cs000	PRON
vmp00pm	VERB
dp1fpp	DET
vmsi3p0	VERB
px3ns000	PRON
vmic3p0	VERB
dd0mp0	DET
vsip2s0	VERB
vsif3s0	VERB
van0000	VERB
pp2csn00	PRON
dp1mss	DET
pd0ns000	PRON
pd0fs000	PRON
vasp3s0	VERB
pt0cs000	PRON
np	NOUN
di0mp0	DET
vmii2p0	VERB
Zm	NUM
vmii2s0	VERB
vmip1s0	VERB
sn.co-SUJ	ADP
da0mp0	DET
pr	PRON
vaif1p0	VERB
pp2cso00	PRON
pt0ms000	PRON
vsip1s0	VERB
vsif1s0	VERB
pp1cso00	PRON
vmm02s0	VERB
vap00sm	VERB
vmp00sm	VERB
vssf3s0	VERB
vmis2s0	VERB
pe	PRON
z	NUM
pp	PRON
vaic3s0	VERB
pi0mp000	PRON
dd	DET
vmm03s0	VERB
dn0fp0	DET
ao	ADJ
dp1fsp	DET
p010p000	PRON
p020s000	PRON
dp3mp0	DET
Fs	.
Fia	.
vmp00pf	VERB
pp3fpa00	PRON
p0000000	PRON
vmsp1p0	VERB
vmip2s0	VERB
vsis1s0	VERB
vmic2s0	VERB
sn.e.1n-SUJ	ADP
vaip1p0	VERB
sn.e-ATR	ADP
vssp1s0	VERB
ncms000	NOUN
ncfs000	NOUN
vmsp3p0	VERB
nccn000	NOUN
pn0fs000	PRON
vmsi3s0	VERB
Fp	.
pd	PRON
pp3fp000	PRON
vsg0000	VERB
da0fp0	DET
pd0fp000	PRON
vsic2s0	VERB
vmif2s0	VERB
vmsi1p0	VERB
px1fs0p0	PRON
vmip3p0	VERB
vssi3s0	VERB
dp1cps	DET
pd0mp000	PRON
vsii1p0	VERB
dn0cs0	DET
Zp	NUM
ao0fp0	ADJ
nc	NOUN
vmip1p0	VERB
vaif3p0	VERB
di0fp0	DET
vmii3p0	VERB
vsii3s0	VERB
vmsp2p0	VERB
vmsi1s0	VERB
ncmp000	NOUN
vssp3p0	VERB
vaip3p0	VERB
np0000l	NOUN
vsip3p0	VERB
Fpa	.
vm	VERB
Fd	.
vssp2s0	VERB
pd0ms000	PRON
vs	VERB
sn.e	ADP
np0000a	NOUN
vmic1p0	VERB
da0ms0	DET
vaic3p0	VERB
ncfp000	NOUN
dn0ms0	DET
aq	ADJ
rn	ADV
pp3csd00	PRON
dd0ms0	DET
pn0ms000	PRON
vsip1p0	VERB
vaip3s0	VERB
Fg	.
pr000000	PRON
dp1css	DET
vsip3s0	VERB
dn0cp0	DET
aq0fs0	ADJ
ncfn000	NOUN
pp3mpa00	PRON
vmic3s0	VERB
pp2cp000	PRON
dd0cp0	DET
da0ns0	DET
nc00000	NOUN
spcms	ADP
dt0fs0	DET
aq0mp0	ADJ
pi0ms000	PRON
vaic1p0	VERB
aq0fpp	ADJ
vmis1s0	VERB
dn	DET
np00000	NOUN
vsn0000	VERB
aq0msp	ADJ
np0000p	NOUN
vmm01p0	VERB
sn.e-SUJ	ADP
ncmn000	NOUN
pn0cp000	PRON
pi	PRON
pr0mp000	PRON
vsp00sm	VERB
vsis3p0	VERB
vaif3s0	VERB
Fh	.
vssp3s0	VERB
vmii3s0	VERB
di0ms0	DET
dn0mp0	DET
vmg0000	VERB
pp3fsa00	PRON
di0cp0	DET
pt0mp000	PRON
vsii1s0	VERB
pp2cp00p	PRON
sn	ADP
np0000o	NOUN
pp3mp000	PRON
vsis3s0	VERB
vmif3p0	VERB
Fx	.
px3mp000	PRON
Y	X
pi0fp000	PRON
vmsp3s0	VERB
Fat	.
aq0cn0	ADJ
vasi1p0	VERB
dn0fs0	DET
cs	CONJ
dd0cs0	DET
px1fp0p0	PRON
pp1mp000	PRON
pt0cp000	PRON
vmic1s0	VERB
vmis3s0	VERB
pp1csn00	PRON
pr0cn000	PRON
vmis1p0	VERB
pe000000	PRON
nccs000	NOUN
vaii1p0	VERB
dp3cs0	DET
Fe	.
Fit	.
vais3s0	VERB
